******************************************************************************
                  TI ARM Linker PC v20.2.7                     
******************************************************************************
>> Linked Thu Oct 31 01:27:38 2024

OUTPUT FILE NAME:   <AUTOSAR_PORT_Driver_Project.out>
ENTRY POINT SYMBOL: "_c_int00_noargs"  address: 00001059


MEMORY CONFIGURATION

         name            origin    length      used     unused   attr    fill
----------------------  --------  ---------  --------  --------  ----  --------
  FLASH                 00000000   00040000  0000126a  0003ed96  R  X
  SRAM                  20000000   00008000  00000216  00007dea  RW X


SEGMENT ALLOCATION MAP

run origin  load origin   length   init length attrs members
----------  ----------- ---------- ----------- ----- -------
00000000    00000000    00001270   00001270    r-x
  00000000    00000000    0000026c   0000026c    r-- .intvecs
  0000026c    0000026c    00000e82   00000e82    r-x .text
  000010ee    000010ee    0000015c   0000015c    r-- .const
  00001250    00001250    00000020   00000020    r-- .cinit
20000000    20000000    00000216   00000000    rw-
  20000000    20000000    00000200   00000000    rw- .stack
  20000200    20000200    00000016   00000000    rw- .data


SECTION ALLOCATION MAP

 output                                  attributes/
section   page    origin      length       input sections
--------  ----  ----------  ----------   ----------------
.intvecs   0    00000000    0000026c     
                  00000000    0000026c     tm4c123gh6pm_startup_ccs.obj (.intvecs)

.text      0    0000026c    00000e82     
                  0000026c    0000075c     port.obj (.text)
                  000009c8    0000030c     Dio.obj (.text)
                  00000cd4    000000a8     Os.obj (.text)
                  00000d7c    0000009c     rtsv7M4_T_le_v4SPD16_eabi.lib : memcpy_t2.asm.obj (.text)
                  00000e18    0000007c     Button.obj (.text)
                  00000e94    0000007c     Gpt.obj (.text)
                  00000f10    00000068     rtsv7M4_T_le_v4SPD16_eabi.lib : copy_decompress_lzss.c.obj (.text:decompress:lzss:__TI_decompress_lzss)
                  00000f78    0000005c     App.obj (.text)
                  00000fd4    00000044     rtsv7M4_T_le_v4SPD16_eabi.lib : autoinit.c.obj (.text:__TI_auto_init_nobinit_nopinit:__TI_auto_init_nobinit_nopinit)
                  00001018    0000003e     Led.obj (.text)
                  00001056    00000002     --HOLE-- [fill = 0]
                  00001058    00000034     rtsv7M4_T_le_v4SPD16_eabi.lib : boot_cortex_m.c.obj (.text:_c_int00_noargs:_c_int00_noargs)
                  0000108c    00000020     Mcu.obj (.text)
                  000010ac    00000016     Det.obj (.text)
                  000010c2    0000000e     rtsv7M4_T_le_v4SPD16_eabi.lib : copy_decompress_none.c.obj (.text:decompress:none:__TI_decompress_none)
                  000010d0    0000000c     tm4c123gh6pm_startup_ccs.obj (.text)
                  000010dc    0000000a     main.obj (.text)
                  000010e6    00000004     rtsv7M4_T_le_v4SPD16_eabi.lib : pre_init.c.obj (.text:_system_pre_init)
                  000010ea    00000004                                   : exit.c.obj (.text:abort:abort)

.const     0    000010ee    0000015c     
                  000010ee    00000158     port_PBcfg.obj (.const:Port_Configuration)
                  00001246    00000004     Dio_PBcfg.obj (.const:Dio_Configuration)

.cinit     0    00001250    00000020     
                  00001250    0000000e     (.cinit..data.load) [load image, compression = lzss]
                  0000125e    00000002     --HOLE-- [fill = 0]
                  00001260    00000008     (__TI_handler_table)
                  00001268    00000008     (__TI_cinit_table)

.init_array 
*          0    00000000    00000000     UNINITIALIZED

.data      0    20000200    00000016     UNINITIALIZED
                  20000200    00000005     Dio.obj (.data)
                  20000205    00000003     Button.obj (.data)
                  20000208    00000005     port.obj (.data)
                  2000020d    00000002     App.obj (.data)
                  2000020f    00000001     --HOLE--
                  20000210    00000004     Gpt.obj (.data)
                  20000214    00000002     Os.obj (.data)

.stack     0    20000000    00000200     UNINITIALIZED
                  20000000    00000004     rtsv7M4_T_le_v4SPD16_eabi.lib : boot_cortex_m.c.obj (.stack)
                  20000004    000001fc     --HOLE--

__llvm_prf_cnts 
*          0    20000000    00000000     UNINITIALIZED

MODULE SUMMARY

       Module                         code   ro data   rw data
       ------                         ----   -------   -------
    .\
       port.obj                       1884   0         5      
       Dio.obj                        780    0         5      
       tm4c123gh6pm_startup_ccs.obj   12     620       0      
       port_PBcfg.obj                 0      344       0      
       Os.obj                         168    0         2      
       Gpt.obj                        124    0         4      
       Button.obj                     124    0         3      
       App.obj                        92     0         2      
       Led.obj                        62     0         0      
       Mcu.obj                        32     0         0      
       Det.obj                        22     0         0      
       main.obj                       10     0         0      
       Dio_PBcfg.obj                  0      4         0      
    +--+------------------------------+------+---------+---------+
       Total:                         3310   968       21     
                                                              
    C:\ti\ccs1271\ccs\tools\compiler\ti-cgt-arm_20.2.7.LTS\lib\rtsv7M4_T_le_v4SPD16_eabi.lib
       memcpy_t2.asm.obj              156    0         0      
       copy_decompress_lzss.c.obj     104    0         0      
       autoinit.c.obj                 68     0         0      
       boot_cortex_m.c.obj            52     0         0      
       copy_decompress_none.c.obj     14     0         0      
       exit.c.obj                     4      0         0      
       pre_init.c.obj                 4      0         0      
    +--+------------------------------+------+---------+---------+
       Total:                         402    0         0      
                                                              
       Stack:                         0      0         512    
       Linker Generated:              0      30        0      
    +--+------------------------------+------+---------+---------+
       Grand Total:                   3712   998       533    


LINKER GENERATED COPY TABLES

__TI_cinit_table @ 00001268 records: 1, size/record: 8, table size: 8
	.data: load addr=00001250, load size=0000000e bytes, run addr=20000200, run size=00000016 bytes, compression=lzss


LINKER GENERATED HANDLER TABLE

__TI_handler_table @ 00001260 records: 2, size/record: 4, table size: 8
	index: 0, handler: __TI_decompress_lzss
	index: 1, handler: __TI_decompress_none


GLOBAL SYMBOLS: SORTED ALPHABETICALLY BY Name 

address   name                          
-------   ----                          
00000f9d  App_Task                      
00000e19  Button_GetState               
00000e1f  Button_RefreshState           
00000f8d  Button_Task                   
000010eb  C$$EXIT                       
000010ad  Det_ReportError               
00001246  Dio_Configuration             
00000ba7  Dio_FlipChannel               
000009c9  Dio_Init                      
00000acd  Dio_ReadChannel               
000009ed  Dio_WriteChannel              
00000f79  Init_Task                     
00001031  Led_RefreshOutput             
00001025  Led_SetOff                    
00001019  Led_SetOn                     
00000f95  Led_Task                      
00001049  Led_Toggle                    
0000108d  Mcu_Init                      
00000cef  Os_NewTimerTick               
00000cff  Os_Scheduler                  
00000cd5  Os_start                      
000010ee  Port_Configuration            
00000849  Port_GetVersionInfo           
0000026d  Port_Init                     
0000073d  Port_RefreshPortDirection     
0000063d  Port_SetPinDirection          
00000899  Port_SetPinMode               
000010d1  ResetISR                      
00000e95  SysTick_Handler               
00000eed  SysTick_SetCallBack           
00000ea5  SysTick_Start                 
00000ee5  SysTick_Stop                  
20000200  __STACK_END                   
00000200  __STACK_SIZE                  
20000200  __STACK_TOP                   
00001268  __TI_CINIT_Base               
00001270  __TI_CINIT_Limit              
00001260  __TI_Handler_Table_Base       
00001268  __TI_Handler_Table_Limit      
00000fd5  __TI_auto_init_nobinit_nopinit
00000f11  __TI_decompress_lzss          
000010c3  __TI_decompress_none          
ffffffff  __TI_pprof_out_hndl           
ffffffff  __TI_prof_data_size           
ffffffff  __TI_prof_data_start          
00000000  __TI_static_base__            
00000d7d  __aeabi_memcpy                
00000d7d  __aeabi_memcpy4               
00000d7d  __aeabi_memcpy8               
ffffffff  __binit__                     
ffffffff  __c_args__                    
UNDEFED   __mpu_init                    
20000000  __stack                       
20000000  __start___llvm_prf_cnts       
20000000  __stop___llvm_prf_cnts        
00001059  _c_int00_noargs               
UNDEFED   _system_post_cinit            
000010e7  _system_pre_init              
000010eb  abort                         
ffffffff  binit                         
00000000  g_pfnVectors                  
000010dd  main                          
00000d7d  memcpy                        


GLOBAL SYMBOLS: SORTED BY Symbol Address 

address   name                          
-------   ----                          
00000000  __TI_static_base__            
00000000  g_pfnVectors                  
00000200  __STACK_SIZE                  
0000026d  Port_Init                     
0000063d  Port_SetPinDirection          
0000073d  Port_RefreshPortDirection     
00000849  Port_GetVersionInfo           
00000899  Port_SetPinMode               
000009c9  Dio_Init                      
000009ed  Dio_WriteChannel              
00000acd  Dio_ReadChannel               
00000ba7  Dio_FlipChannel               
00000cd5  Os_start                      
00000cef  Os_NewTimerTick               
00000cff  Os_Scheduler                  
00000d7d  __aeabi_memcpy                
00000d7d  __aeabi_memcpy4               
00000d7d  __aeabi_memcpy8               
00000d7d  memcpy                        
00000e19  Button_GetState               
00000e1f  Button_RefreshState           
00000e95  SysTick_Handler               
00000ea5  SysTick_Start                 
00000ee5  SysTick_Stop                  
00000eed  SysTick_SetCallBack           
00000f11  __TI_decompress_lzss          
00000f79  Init_Task                     
00000f8d  Button_Task                   
00000f95  Led_Task                      
00000f9d  App_Task                      
00000fd5  __TI_auto_init_nobinit_nopinit
00001019  Led_SetOn                     
00001025  Led_SetOff                    
00001031  Led_RefreshOutput             
00001049  Led_Toggle                    
00001059  _c_int00_noargs               
0000108d  Mcu_Init                      
000010ad  Det_ReportError               
000010c3  __TI_decompress_none          
000010d1  ResetISR                      
000010dd  main                          
000010e7  _system_pre_init              
000010eb  C$$EXIT                       
000010eb  abort                         
000010ee  Port_Configuration            
00001246  Dio_Configuration             
00001260  __TI_Handler_Table_Base       
00001268  __TI_CINIT_Base               
00001268  __TI_Handler_Table_Limit      
00001270  __TI_CINIT_Limit              
20000000  __stack                       
20000000  __start___llvm_prf_cnts       
20000000  __stop___llvm_prf_cnts        
20000200  __STACK_END                   
20000200  __STACK_TOP                   
ffffffff  __TI_pprof_out_hndl           
ffffffff  __TI_prof_data_size           
ffffffff  __TI_prof_data_start          
ffffffff  __binit__                     
ffffffff  __c_args__                    
ffffffff  binit                         
UNDEFED   __mpu_init                    
UNDEFED   _system_post_cinit            

[63 symbols]
